../Core/Src/main.c:71:5:main	16	static
../Core/Src/main.c:131:6:SystemClock_Config	72	static
../Core/Src/main.c:168:13:MX_TIM1_Init	32	static
../Core/Src/main.c:214:13:MX_TIM2_Init	64	static
../Core/Src/main.c:273:13:MX_USART1_UART_Init	8	static
../Core/Src/main.c:306:13:MX_GPIO_Init	32	static
../Core/Src/main.c:341:6:HAL_TIM_PeriodElapsedCallback	16	static
../Core/Src/main.c:352:6:HAL_GPIO_EXTI_Callback	16	static,ignoring_inline_asm
../Core/Src/main.c:365:6:HAL_UART_RxCpltCallback	16	static
../Core/Src/main.c:399:6:Error_Handler	4	static,ignoring_inline_asm
